com\bookstore\controller\CommunityController.class
com\bookstore\repository\CommunityPostRepository.class
com\bookstore\security\UserDetailsImpl.class
com\bookstore\security\AuthTokenFilter.class
com\bookstore\BackendApplication.class
com\bookstore\dto\GoogleLoginRequest.class
com\bookstore\model\Book.class
com\bookstore\security\JwtUtils.class
com\bookstore\service\EmailService.class
com\bookstore\dto\ForgotPasswordRequest.class
com\bookstore\model\Order$OrderItem.class
com\bookstore\model\Review.class
com\bookstore\model\Order.class
com\bookstore\repository\OrderRepository.class
com\bookstore\config\AppConfig.class
com\bookstore\repository\PasswordResetTokenRepository.class
com\bookstore\model\PasswordResetToken.class
com\bookstore\config\WebSecurityConfig.class
com\bookstore\dto\LoginRequest.class
com\bookstore\dto\JwtResponse.class
com\bookstore\dto\MessageResponse.class
com\bookstore\controller\BookController.class
com\bookstore\service\BookImportService.class
com\bookstore\model\CommunityPost.class
com\bookstore\model\User.class
com\bookstore\controller\ReviewController.class
com\bookstore\repository\ReviewRepository.class
com\bookstore\security\UserDetailsServiceImpl.class
com\bookstore\controller\OrderController.class
com\bookstore\dto\SignupRequest.class
com\bookstore\controller\AuthController.class
com\bookstore\dto\ResetPasswordRequest.class
com\bookstore\repository\UserRepository.class
com\bookstore\dto\ChatRequest.class
com\bookstore\controller\FileController.class
com\bookstore\DbCheckFinal.class
com\bookstore\dto\ChatResponse.class
com\bookstore\repository\BookRepository.class
com\bookstore\config\DataInitializer.class
