C:\Users\2485062\Downloads\Virtual-Book-Store-Complete\Virtual-Book-Store-Complete\backend\src\test\java\com\bookstore\controller\BookControllerTest.java
C:\Users\2485062\Downloads\Virtual-Book-Store-Complete\Virtual-Book-Store-Complete\backend\src\test\java\com\bookstore\dto\DTOTest.java
C:\Users\2485062\Downloads\Virtual-Book-Store-Complete\Virtual-Book-Store-Complete\backend\src\test\java\com\bookstore\model\ReviewModelTest.java
C:\Users\2485062\Downloads\Virtual-Book-Store-Complete\Virtual-Book-Store-Complete\backend\src\test\java\com\bookstore\model\BookModelTest.java
C:\Users\2485062\Downloads\Virtual-Book-Store-Complete\Virtual-Book-Store-Complete\backend\src\test\java\com\bookstore\model\CommunityPostModelTest.java
C:\Users\2485062\Downloads\Virtual-Book-Store-Complete\Virtual-Book-Store-Complete\backend\src\test\java\com\bookstore\model\PasswordResetTokenModelTest.java
C:\Users\2485062\Downloads\Virtual-Book-Store-Complete\Virtual-Book-Store-Complete\backend\src\test\java\com\bookstore\model\UserModelTest.java
C:\Users\2485062\Downloads\Virtual-Book-Store-Complete\Virtual-Book-Store-Complete\backend\src\test\java\com\bookstore\selenium\SeleniumTest.java
C:\Users\2485062\Downloads\Virtual-Book-Store-Complete\Virtual-Book-Store-Complete\backend\src\test\java\com\bookstore\security\UserDetailsImplTest.java
C:\Users\2485062\Downloads\Virtual-Book-Store-Complete\Virtual-Book-Store-Complete\backend\src\test\java\com\bookstore\controller\ReviewControllerTest.java
C:\Users\2485062\Downloads\Virtual-Book-Store-Complete\Virtual-Book-Store-Complete\backend\src\test\java\com\bookstore\listeners\TestListener.java
C:\Users\2485062\Downloads\Virtual-Book-Store-Complete\Virtual-Book-Store-Complete\backend\src\test\java\com\bookstore\model\OrderModelTest.java
C:\Users\2485062\Downloads\Virtual-Book-Store-Complete\Virtual-Book-Store-Complete\backend\src\test\java\com\bookstore\controller\AuthControllerTest.java
